// Jest Snapshot v1, https://goo.gl/fbAQLP

exports[`UserInput renders correctly 1`] = `
<UserInput>
  <form
    className="form-container"
  >
    <FormGroup
      bsClass="form-group"
      className="form-space-between"
      controlId="priority"
    >
      <div
        className="form-space-between form-group"
      >
        <ControlLabel
          bsClass="control-label"
          srOnly={false}
        >
          <label
            className="control-label"
            htmlFor="priority"
          >
            Priority
          </label>
        </ControlLabel>
         
        <span>
          <Radio
            bsClass="radio"
            disabled={false}
            inline={true}
            name="radioGroup"
            onClick={[Function]}
            value={1}
          >
            <label
              className="radio-inline"
            >
              <input
                disabled={false}
                name="radioGroup"
                onClick={[Function]}
                type="radio"
                value={1}
              />
              1
            </label>
          </Radio>
          <Radio
            bsClass="radio"
            disabled={false}
            inline={true}
            name="radioGroup"
            onClick={[Function]}
            value={2}
          >
            <label
              className="radio-inline"
            >
              <input
                disabled={false}
                name="radioGroup"
                onClick={[Function]}
                type="radio"
                value={2}
              />
              2
            </label>
          </Radio>
          <Radio
            bsClass="radio"
            disabled={false}
            inline={true}
            name="radioGroup"
            onClick={[Function]}
            value={3}
          >
            <label
              className="radio-inline"
            >
              <input
                disabled={false}
                name="radioGroup"
                onClick={[Function]}
                type="radio"
                value={3}
              />
              3
            </label>
          </Radio>
          <Radio
            bsClass="radio"
            disabled={false}
            inline={true}
            name="radioGroup"
            onClick={[Function]}
            value={4}
          >
            <label
              className="radio-inline"
            >
              <input
                disabled={false}
                name="radioGroup"
                onClick={[Function]}
                type="radio"
                value={4}
              />
              4
            </label>
          </Radio>
          <Radio
            bsClass="radio"
            disabled={false}
            inline={true}
            name="radioGroup"
            onClick={[Function]}
            value={5}
          >
            <label
              className="radio-inline"
            >
              <input
                disabled={false}
                name="radioGroup"
                onClick={[Function]}
                type="radio"
                value={5}
              />
              5
            </label>
          </Radio>
          <Radio
            bsClass="radio"
            disabled={false}
            inline={true}
            name="radioGroup"
            onClick={[Function]}
            value={6}
          >
            <label
              className="radio-inline"
            >
              <input
                disabled={false}
                name="radioGroup"
                onClick={[Function]}
                type="radio"
                value={6}
              />
              6
            </label>
          </Radio>
          <Radio
            bsClass="radio"
            disabled={false}
            inline={true}
            name="radioGroup"
            onClick={[Function]}
            value={7}
          >
            <label
              className="radio-inline"
            >
              <input
                disabled={false}
                name="radioGroup"
                onClick={[Function]}
                type="radio"
                value={7}
              />
              7
            </label>
          </Radio>
          <Radio
            bsClass="radio"
            disabled={false}
            inline={true}
            name="radioGroup"
            onClick={[Function]}
            value={8}
          >
            <label
              className="radio-inline"
            >
              <input
                disabled={false}
                name="radioGroup"
                onClick={[Function]}
                type="radio"
                value={8}
              />
              8
            </label>
          </Radio>
          <Radio
            bsClass="radio"
            disabled={false}
            inline={true}
            name="radioGroup"
            onClick={[Function]}
            value={9}
          >
            <label
              className="radio-inline"
            >
              <input
                disabled={false}
                name="radioGroup"
                onClick={[Function]}
                type="radio"
                value={9}
              />
              9
            </label>
          </Radio>
          <Radio
            bsClass="radio"
            disabled={false}
            inline={true}
            name="radioGroup"
            onClick={[Function]}
            value={10}
          >
            <label
              className="radio-inline"
            >
              <input
                disabled={false}
                name="radioGroup"
                onClick={[Function]}
                type="radio"
                value={10}
              />
              10
            </label>
          </Radio>
        </span>
      </div>
    </FormGroup>
    <FormGroup
      bsClass="form-group"
      controlId="name"
      validationState="error"
    >
      <div
        className="form-group has-feedback has-error"
      >
        <ControlLabel
          bsClass="control-label"
          srOnly={false}
        >
          <label
            className="control-label"
            htmlFor="name"
          >
            Name
          </label>
        </ControlLabel>
        <FormControl
          bsClass="form-control"
          componentClass="input"
          onChange={[Function]}
          placeholder="Name your task"
          type="text"
          value=""
        >
          <input
            className="form-control"
            id="name"
            onChange={[Function]}
            placeholder="Name your task"
            type="text"
            value=""
          />
        </FormControl>
        <FormControlFeedback
          bsClass="form-control-feedback"
          bsRole="feedback"
        >
          <Glyphicon
            bsClass="glyphicon"
            className="form-control-feedback"
            glyph="remove"
          >
            <span
              className="form-control-feedback glyphicon glyphicon-remove"
            />
          </Glyphicon>
        </FormControlFeedback>
      </div>
    </FormGroup>
    <FormGroup
      bsClass="form-group"
      controlId="description"
      validationState="error"
    >
      <div
        className="form-group has-feedback has-error"
      >
        <ControlLabel
          bsClass="control-label"
          srOnly={false}
        >
          <label
            className="control-label"
            htmlFor="description"
          >
            Description
          </label>
        </ControlLabel>
        <FormControl
          bsClass="form-control"
          componentClass="input"
          onChange={[Function]}
          placeholder="Describe your task"
          type="text"
          value=""
        >
          <input
            className="form-control"
            id="description"
            onChange={[Function]}
            placeholder="Describe your task"
            type="text"
            value=""
          />
        </FormControl>
        <FormControlFeedback
          bsClass="form-control-feedback"
          bsRole="feedback"
        >
          <Glyphicon
            bsClass="glyphicon"
            className="form-control-feedback"
            glyph="remove"
          >
            <span
              className="form-control-feedback glyphicon glyphicon-remove"
            />
          </Glyphicon>
        </FormControlFeedback>
      </div>
    </FormGroup>
    <Button
      active={false}
      block={false}
      bsClass="btn"
      bsStyle="default"
      disabled={false}
      onClick={[Function]}
      type="submit"
    >
      <button
        className="btn btn-default"
        disabled={false}
        onClick={[Function]}
        type="submit"
      >
        Submit
      </button>
    </Button>
  </form>
</UserInput>
`;
